
Memory Configuration

Name             Origin             Length             Attributes
*default*        0x0000000000000000 0xffffffffffffffff

Linker script and memory map

Address of section .text set to 0x2000000
LOAD build/jp/bin/segment2.o
                [!provide]                        PROVIDE (__executable_start = SEGMENT_START ("text-segment", 0x400000))
                0x0000000000400094                . = (SEGMENT_START ("text-segment", 0x400000) + SIZEOF_HEADERS)

.interp
 *(.interp)

.MIPS.abiflags
 *(.MIPS.abiflags)

.reginfo        0x0000000000400094       0x18
 *(.reginfo)
 .reginfo       0x0000000000400094       0x18 build/jp/bin/segment2.o

.MIPS.xhash
 *(.MIPS.xhash)

.note.gnu.build-id
 *(.note.gnu.build-id)

.dynamic
 *(.dynamic)

.hash
 *(.hash)

.gnu.hash
 *(.gnu.hash)

.dynsym
 *(.dynsym)

.dynstr
 *(.dynstr)

.gnu.version
 *(.gnu.version)

.gnu.version_d
 *(.gnu.version_d)

.gnu.version_r
 *(.gnu.version_r)

.rel.dyn        0x00000000004000ac        0x0
 *(.rel.init)
 *(.rel.text .rel.text.* .rel.gnu.linkonce.t.*)
 *(.rel.fini)
 *(.rel.rodata .rel.rodata.* .rel.gnu.linkonce.r.*)
 *(.rel.data.rel.ro .rel.data.rel.ro.* .rel.gnu.linkonce.d.rel.ro.*)
 *(.rel.data .rel.data.* .rel.gnu.linkonce.d.*)
 *(.rel.tdata .rel.tdata.* .rel.gnu.linkonce.td.*)
 *(.rel.tbss .rel.tbss.* .rel.gnu.linkonce.tb.*)
 *(.rel.ctors)
 *(.rel.dtors)
 *(.rel.got)
 *(.rel.dyn)
 .rel.dyn       0x00000000004000ac        0x0 build/jp/bin/segment2.o
 *(.rel.sdata .rel.sdata.* .rel.gnu.linkonce.s.*)
 *(.rel.sbss .rel.sbss.* .rel.gnu.linkonce.sb.*)
 *(.rel.sdata2 .rel.sdata2.* .rel.gnu.linkonce.s2.*)
 *(.rel.sbss2 .rel.sbss2.* .rel.gnu.linkonce.sb2.*)
 *(.rel.bss .rel.bss.* .rel.gnu.linkonce.b.*)
                [!provide]                        PROVIDE (__rel_iplt_start = .)
 *(.rel.iplt)
                [!provide]                        PROVIDE (__rel_iplt_end = .)

.rela.dyn       0x00000000004000ac        0x0
 *(.rela.init)
 *(.rela.text .rela.text.* .rela.gnu.linkonce.t.*)
 *(.rela.fini)
 *(.rela.rodata .rela.rodata.* .rela.gnu.linkonce.r.*)
 *(.rela.data .rela.data.* .rela.gnu.linkonce.d.*)
 *(.rela.tdata .rela.tdata.* .rela.gnu.linkonce.td.*)
 *(.rela.tbss .rela.tbss.* .rela.gnu.linkonce.tb.*)
 *(.rela.ctors)
 *(.rela.dtors)
 *(.rela.got)
 *(.rela.sdata .rela.sdata.* .rela.gnu.linkonce.s.*)
 *(.rela.sbss .rela.sbss.* .rela.gnu.linkonce.sb.*)
 *(.rela.sdata2 .rela.sdata2.* .rela.gnu.linkonce.s2.*)
 *(.rela.sbss2 .rela.sbss2.* .rela.gnu.linkonce.sb2.*)
 *(.rela.bss .rela.bss.* .rela.gnu.linkonce.b.*)
                [!provide]                        PROVIDE (__rela_iplt_start = .)
 *(.rela.iplt)
                [!provide]                        PROVIDE (__rela_iplt_end = .)

.rel.plt
 *(.rel.plt)

.rela.plt
 *(.rela.plt)

.init
 *(SORT_NONE(.init))

.text           0x0000000002000000        0x0
                0x0000000002000000                _ftext = .
 *(.text.unlikely .text.*_unlikely .text.unlikely.*)
 *(.text.exit .text.exit.*)
 *(.text.startup .text.startup.*)
 *(.text.hot .text.hot.*)
 *(SORT_BY_NAME(.text.sorted.*))
 *(.text .stub .text.* .gnu.linkonce.t.*)
 *(.gnu.warning)
 *(.mips16.fn.*)
 *(.mips16.call.*)

.fini
 *(SORT_NONE(.fini))
                [!provide]                        PROVIDE (__etext = .)
                [!provide]                        PROVIDE (_etext = .)
                [!provide]                        PROVIDE (etext = .)

.rodata
 *(.rodata .rodata.* .gnu.linkonce.r.*)

.rodata1
 *(.rodata1)

.sdata2
 *(.sdata2 .sdata2.* .gnu.linkonce.s2.*)

.sbss2
 *(.sbss2 .sbss2.* .gnu.linkonce.sb2.*)

.eh_frame_hdr
 *(.eh_frame_hdr)
 *(.eh_frame_entry .eh_frame_entry.*)

.eh_frame
 *(.eh_frame)
 *(.eh_frame.*)

.gcc_except_table
 *(.gcc_except_table .gcc_except_table.*)

.gnu_extab
 *(.gnu_extab*)

.exception_ranges
 *(.exception_ranges*)

.plt
 *(.plt)

.iplt
 *(.iplt)
                0x0000000002000000                . = DATA_SEGMENT_ALIGN (CONSTANT (MAXPAGESIZE), CONSTANT (COMMONPAGESIZE))

.eh_frame
 *(.eh_frame)
 *(.eh_frame.*)

.gnu_extab
 *(.gnu_extab)

.gcc_except_table
 *(.gcc_except_table .gcc_except_table.*)

.exception_ranges
 *(.exception_ranges*)

.tdata          0x0000000002000000        0x0
                [!provide]                        PROVIDE (__tdata_start = .)
 *(.tdata .tdata.* .gnu.linkonce.td.*)

.tbss
 *(.tbss .tbss.* .gnu.linkonce.tb.*)
 *(.tcommon)

.preinit_array  0x0000000002000000        0x0
                [!provide]                        PROVIDE (__preinit_array_start = .)
 *(.preinit_array)
                [!provide]                        PROVIDE (__preinit_array_end = .)

.init_array     0x0000000002000000        0x0
                [!provide]                        PROVIDE (__init_array_start = .)
 *(SORT_BY_INIT_PRIORITY(.init_array.*) SORT_BY_INIT_PRIORITY(.ctors.*))
 *(.init_array EXCLUDE_FILE(*crtend?.o *crtend.o *crtbegin?.o *crtbegin.o) .ctors)
                [!provide]                        PROVIDE (__init_array_end = .)

.fini_array     0x0000000002000000        0x0
                [!provide]                        PROVIDE (__fini_array_start = .)
 *(SORT_BY_INIT_PRIORITY(.fini_array.*) SORT_BY_INIT_PRIORITY(.dtors.*))
 *(.fini_array EXCLUDE_FILE(*crtend?.o *crtend.o *crtbegin?.o *crtbegin.o) .dtors)
                [!provide]                        PROVIDE (__fini_array_end = .)

.ctors
 *crtbegin.o(.ctors)
 *crtbegin?.o(.ctors)
 *(EXCLUDE_FILE(*crtend?.o *crtend.o) .ctors)
 *(SORT_BY_NAME(.ctors.*))
 *(.ctors)

.dtors
 *crtbegin.o(.dtors)
 *crtbegin?.o(.dtors)
 *(EXCLUDE_FILE(*crtend?.o *crtend.o) .dtors)
 *(SORT_BY_NAME(.dtors.*))
 *(.dtors)

.jcr
 *(.jcr)

.data.rel.ro
 *(.data.rel.ro.local* .gnu.linkonce.d.rel.ro.local.*)
 *(.data.rel.ro .data.rel.ro.* .gnu.linkonce.d.rel.ro.*)
                0x0000000002000000                . = DATA_SEGMENT_RELRO_END (., 0x0)

.got.plt
 *(.got.plt)

.data           0x0000000002000000    0x15b30
                0x0000000002000000                _fdata = .
 *(.data .data.* .gnu.linkonce.d.*)
 .data          0x0000000002000000    0x15b30 build/jp/bin/segment2.o
                0x0000000002008250                main_hud_lut
                0x0000000002008338                main_font_lut
                0x0000000002008738                main_credits_font_lut
                0x00000000020087cc                main_hud_camera_lut
                0x0000000002008878                seg2_debug_text_table
                0x000000000200df60                seg2_dialog_table
                0x000000000200e3cc                seg2_course_name_table
                0x000000000200ea48                seg2_act_name_table
                0x000000000200ebd8                dl_hud_img_begin
                0x000000000200ec10                dl_hud_img_load_tex_block
                0x000000000200ec40                dl_hud_img_end
                0x000000000200ec78                dl_rgba16_text_begin
                0x000000000200ecb0                dl_rgba16_load_tex_block
                0x000000000200ece0                dl_rgba16_text_end
                0x000000000200ed60                dl_draw_text_bg_box
                0x000000000200ede0                dl_ia_text_begin
                0x000000000200ee20                dl_ia_text_tex_settings
                0x000000000200ee68                dl_ia_text_end
                0x000000000200eed8                dl_draw_triangle
                0x000000000200ef68                dl_billboard_num_begin
                0x000000000200efb0                dl_billboard_num_end
                0x000000000200eff0                dl_billboard_num_0
                0x000000000200f020                dl_billboard_num_1
                0x000000000200f050                dl_billboard_num_2
                0x000000000200f080                dl_billboard_num_3
                0x000000000200f0b0                dl_billboard_num_4
                0x000000000200f0e0                dl_billboard_num_5
                0x000000000200f110                dl_billboard_num_6
                0x000000000200f140                dl_billboard_num_7
                0x000000000200f170                dl_billboard_num_8
                0x000000000200f1a0                dl_billboard_num_9
                0x000000000200f3d0                texture_transition_star_half
                0x000000000200fbd0                texture_transition_circle_half
                0x00000000020103d0                texture_transition_mario
                0x00000000020113d0                texture_transition_bowser_half
                0x0000000002011bd0                texture_waterbox_water
                0x00000000020123d0                texture_waterbox_jrb_water
                0x0000000002012bd0                texture_waterbox_unknown_water
                0x00000000020133d0                texture_waterbox_mist
                0x0000000002013bd0                texture_waterbox_lava
                0x0000000002014468                dl_draw_quad_verts_0123
                0x0000000002014480                dl_draw_quad_verts_4567
                0x0000000002014498                dl_shadow_begin
                0x00000000020144c0                dl_shadow_circle
                0x0000000002014508                dl_shadow_square
                0x0000000002014550                dl_shadow_9_verts
                0x0000000002014598                dl_shadow_4_verts
                0x00000000020145b0                dl_shadow_end
                0x00000000020145d8                dl_proj_mtx_fullscreen
                0x0000000002014610                dl_screen_transition_end
                0x0000000002014638                dl_transition_draw_filled_region
                0x0000000002014680                dl_skybox_begin
                0x00000000020146b0                dl_skybox_tile_tex_settings
                0x00000000020146e0                dl_skybox_end
                0x0000000002014708                dl_waterbox_rgba16_begin
                0x0000000002014748                dl_waterbox_ia16_begin
                0x0000000002014788                dl_waterbox_end
                0x00000000020147f0                dl_ia8_up_arrow_begin
                0x0000000002014828                dl_rgba16_unused
                0x0000000002014858                dl_ia8_up_arrow_load_texture_block
                0x00000000020148b0                dl_ia8_up_arrow_end
                0x00000000020148e8                dl_paintings_rippling_begin
                0x0000000002014920                dl_paintings_rippling_end
                0x0000000002014940                dl_paintings_env_mapped_begin
                0x0000000002014978                dl_paintings_env_mapped_end
                0x00000000020149a8                dl_paintings_draw_ripples
                0x00000000020149d8                seg2_painting_triangle_mesh
                0x00000000020153bc                seg2_painting_mesh_neighbor_tris

.data1
 *(.data1)
                0x0000000002015b30                . = .
                0x000000000201db20                _gp = (ALIGN (0x10) + 0x7ff0)

.got
 *(.got)

.sdata
 *(.sdata .sdata.* .gnu.linkonce.s.*)

.lit8
 *(.lit8)

.lit4
 *(.lit4)
                0x0000000002015b30                _edata = .
                [!provide]                        PROVIDE (edata = .)
                0x0000000002015b30                . = .
                0x0000000002015b30                __bss_start = .
                0x0000000002015b30                _fbss = .

.sbss
 *(.dynsbss)
 *(.sbss .sbss.* .gnu.linkonce.sb.*)
 *(.scommon)

.bss            0x0000000002015b30        0x0
 *(.dynbss)
 *(.bss .bss.* .gnu.linkonce.b.*)
 *(COMMON)
                0x0000000002015b30                . = ALIGN ((. != 0x0)?0x4:0x1)
                0x0000000002015b30                . = ALIGN (0x4)
                0x0000000002015b30                . = SEGMENT_START ("ldata-segment", .)
                0x0000000002015b30                . = ALIGN (0x4)
                0x0000000002015b30                _end = .
                [!provide]                        PROVIDE (end = .)
                0x0000000002015b30                . = DATA_SEGMENT_END (.)

.stab
 *(.stab)

.stabstr
 *(.stabstr)

.stab.excl
 *(.stab.excl)

.stab.exclstr
 *(.stab.exclstr)

.stab.index
 *(.stab.index)

.stab.indexstr
 *(.stab.indexstr)

.comment
 *(.comment)

.options        0x0000000000000000       0x20
 .options       0x0000000000000000       0x20 build/jp/bin/segment2.o

.gnu.build.attributes
 *(.gnu.build.attributes .gnu.build.attributes.*)

.debug
 *(.debug)

.line
 *(.line)

.debug_srcinfo
 *(.debug_srcinfo)

.debug_sfnames
 *(.debug_sfnames)

.debug_aranges
 *(.debug_aranges)

.debug_pubnames
 *(.debug_pubnames)

.debug_info
 *(.debug_info .gnu.linkonce.wi.*)

.debug_abbrev
 *(.debug_abbrev)

.debug_line
 *(.debug_line .debug_line.* .debug_line_end)

.debug_frame
 *(.debug_frame)

.debug_str
 *(.debug_str)

.debug_loc
 *(.debug_loc)

.debug_macinfo
 *(.debug_macinfo)

.debug_weaknames
 *(.debug_weaknames)

.debug_funcnames
 *(.debug_funcnames)

.debug_typenames
 *(.debug_typenames)

.debug_varnames
 *(.debug_varnames)

.debug_pubtypes
 *(.debug_pubtypes)

.debug_ranges
 *(.debug_ranges)

.debug_macro
 *(.debug_macro)

.debug_addr
 *(.debug_addr)

.gnu.attributes
 *(.gnu.attributes)

.gptab.sdata    0x0000000002015b30      0x478
 *(.gptab.data)
 .gptab.data    0x0000000002015b30      0x478 build/jp/bin/segment2.o
 *(.gptab.sdata)

.gptab.sbss
 *(.gptab.bss)
 *(.gptab.sbss)

.mdebug.abi32
 *(.mdebug.abi32)

.mdebug.abiN32
 *(.mdebug.abiN32)

.mdebug.abi64
 *(.mdebug.abi64)

.mdebug.abiO64
 *(.mdebug.abiO64)

.mdebug.eabi32
 *(.mdebug.eabi32)

.mdebug.eabi64
 *(.mdebug.eabi64)

.gcc_compiled_long32
 *(.gcc_compiled_long32)

.gcc_compiled_long64
 *(.gcc_compiled_long64)

/DISCARD/
 *(.note.GNU-stack)
 *(.gnu_debuglink)
 *(.gnu.lto_*)
OUTPUT(build/jp/bin/segment2.elf elf32-tradbigmips)

.mdebug         0x0000000000000000    0x14354
 .mdebug        0x0000000000000000    0x17384 build/jp/bin/segment2.o
